// Jest Snapshot v1, https://goo.gl/fbAQLP

exports[`Modal should render the expected html 1`] = `
<div
  className="str-chat__modal str-chat__modal--closed"
  onClick={[Function]}
>
  <div
    className="str-chat__modal__close-button"
  >
    Close
    <svg
      height="10"
      width="10"
      xmlns="http://www.w3.org/2000/svg"
    >
      <path
        d="M9.916 1.027L8.973.084 5 4.058 1.027.084l-.943.943L4.058 5 .084 8.973l.943.943L5 5.942l3.973 3.974.943-.943L5.942 5z"
        fillRule="evenodd"
      />
    </svg>
  </div>
  <div
    className="str-chat__modal__inner"
  />
</div>
`;
